// Jest Snapshot v1, https://goo.gl/fbAQLP

exports[`should correctly render ExpenseSummary with 1 expense 1`] = `
<div>
  <h1>
    Viewing 
    1
     
    expense
     totalling 
    $0.00
  </h1>
</div>
`;
